SET client_min_messages TO WARNING;
-- this test ensures that rollups that are are created with nothing in them will have the first call to do_rollup work
create table test (
    id serial primary key,
    name text,
    num int
);
create materialized view test_rollup1 as (
    select name,count(*)
    from test
    group by name
);
select rollup_mode('test_rollup1','manual');
 rollup_mode 
-------------
 
(1 row)

insert into test (name,num) values
    ('alice', 1),
    ('alice', 2),
    ('alice', 3),
    ('alice', 4),
    ('alice', 5),
    ('bill', 5),
    ('bill', 5),
    ('bill', 5),
    ('charlie', 1),
    ('charlie', 1),
    ('charlie', 1),
    ('charlie', 3),
    ('charlie', NULL),
    ('dave', 4),
    ('elliot', 5),
    (NULL, 1),
    (NULL, 1),
    (NULL, 1),
    (NULL, 1),
    (NULL, 1),
    (NULL, 8),
    (NULL, 9),
    (NULL, NULL),
    (NULL, NULL),
    (NULL, NULL),
    (NULL, NULL);
select do_rollup('test_rollup1');
        do_rollup         
--------------------------
 (test_rollup1,test,1,26)
(1 row)

select assert_rollup('test_rollup1');
 assert_rollup 
---------------
 
(1 row)

select * from test_rollup1;
 count | test.name 
-------+-----------
    11 | 
     5 | alice
     3 | bill
     5 | charlie
     1 | dave
     1 | elliot
(6 rows)

insert into test (name,num) values
    ('alice', 1),
    ('alice', 2),
    ('alice', 3),
    ('alice', 4),
    ('alice', 5),
    ('bill', 5),
    ('bill', 5),
    ('bill', 5),
    ('charlie', 1),
    ('charlie', 1),
    ('charlie', 1),
    ('charlie', 3),
    ('charlie', NULL),
    ('dave', 4),
    ('elliot', 5),
    (NULL, 1),
    (NULL, 1),
    (NULL, 1),
    (NULL, 1),
    (NULL, 1),
    (NULL, 8),
    (NULL, 9),
    (NULL, NULL),
    (NULL, NULL),
    (NULL, NULL),
    (NULL, NULL);
select do_rollup('test_rollup1');
         do_rollup         
---------------------------
 (test_rollup1,test,27,52)
(1 row)

select assert_rollup('test_rollup1');
 assert_rollup 
---------------
 
(1 row)

select * from test_rollup1;
 count | test.name 
-------+-----------
    22 | 
    10 | alice
     6 | bill
    10 | charlie
     2 | dave
     2 | elliot
(6 rows)

select drop_rollup('test_rollup1');
 drop_rollup 
-------------
 
(1 row)

drop table test cascade;
